---
source: crates/oxc_linter/src/tester.rs
---

  ⚠ eslint(no-dupe-keys): Duplicate key 'normal'
   ╭─[no_dupe_keys.tsx:1:12]
 1 │ const o = {"normal": 1, normal: 2};
   ·            ────┬───     ───┬──
   ·                │           ╰── and duplicated here
   ·                ╰── Key is first defined here
   ╰────
  help: Consider removing the duplicated key

  ⚠ eslint(no-dupe-keys): Duplicate key '"\ud800"'
   ╭─[no_dupe_keys.tsx:1:12]
 1 │ const o = {"\uD800": 1, "\ud800": 2};
   ·            ────┬───     ────┬───
   ·                │            ╰── and duplicated here
   ·                ╰── Key is first defined here
   ╰────
  help: Consider removing the duplicated key

  ⚠ eslint(no-dupe-keys): Duplicate key '"\udc00"'
   ╭─[no_dupe_keys.tsx:1:12]
 1 │ const o = {"\uDC00": 1, "\udc00": 2};
   ·            ────┬───     ────┬───
   ·                │            ╰── and duplicated here
   ·                ╰── Key is first defined here
   ╰────
  help: Consider removing the duplicated key

  ⚠ eslint(no-dupe-keys): Duplicate key '𐀀'
   ╭─[no_dupe_keys.tsx:1:12]
 1 │ const o = {"\uD800\uDC00": 1, "𐀀": 2};
   ·            ───────┬──────     ─┬─
   ·                   │            ╰── and duplicated here
   ·                   ╰── Key is first defined here
   ╰────
  help: Consider removing the duplicated key

  ⚠ eslint(no-dupe-keys): Duplicate key '"before\ud800after"'
   ╭─[no_dupe_keys.tsx:1:12]
 1 │ const o = {"before\uD800after": 1, "before\ud800after": 2};
   ·            ─────────┬─────────     ─────────┬─────────
   ·                     │                       ╰── and duplicated here
   ·                     ╰── Key is first defined here
   ╰────
  help: Consider removing the duplicated key

  ⚠ eslint(no-dupe-keys): Duplicate key '"\ud800"'
   ╭─[no_dupe_keys.tsx:1:13]
 1 │ const o = {[`\uD800`]: 1, "\ud800": 2};
   ·             ────┬───      ────┬───
   ·                 │             ╰── and duplicated here
   ·                 ╰── Key is first defined here
   ╰────
  help: Consider removing the duplicated key
