---
source: crates/oxc_linter/src/tester.rs
---

  ⚠ eslint(prefer-named-capture-group): Capture group should be named.
   ╭─[prefer_named_capture_group.tsx:1:12]
 1 │ new RegExp("\uD800" + "(x)")
   ·            ────────────────
   ╰────
  help: Use a named capture group like "(?<name>...)" — this regex has 1 unnamed group.

  ⚠ eslint(prefer-named-capture-group): Capture group should be named.
   ╭─[prefer_named_capture_group.tsx:1:12]
 1 │ new RegExp(`\uDC00${"(x)"}`)
   ·            ────────────────
   ╰────
  help: Use a named capture group like "(?<name>...)" — this regex has 1 unnamed group.

  ⚠ eslint(prefer-named-capture-group): Capture group should be named.
   ╭─[prefer_named_capture_group.tsx:1:12]
 1 │ new RegExp("\uD800" + "\uDC00(x)")
   ·            ──────────────────────
   ╰────
  help: Use a named capture group like "(?<name>...)" — this regex has 1 unnamed group.

  ⚠ eslint(prefer-named-capture-group): Capture group should be named.
   ╭─[prefer_named_capture_group.tsx:1:12]
 1 │ new RegExp("\\" + "\uD800(x)")
   ·            ──────────────────
   ╰────
  help: Use a named capture group like "(?<name>...)" — this regex has 1 unnamed group.
