---
source: crates/oxc_linter/src/tester.rs
---

  ⚠ unicorn(no-static-only-class): Use an object instead of a `class` with only `static` members.
   ╭─[no_static_only_class.tsx:1:1]
 1 │ class C { static "\uD800"() {} }
   · ────────────────────────────────
   ╰────
  help: Convert to an object instead of a class with only static members.

  ⚠ unicorn(no-static-only-class): Use an object instead of a `class` with only `static` members.
   ╭─[no_static_only_class.tsx:1:1]
 1 │ class C { static "\uDC00" = 1; }
   · ────────────────────────────────
   ╰────
  help: Convert to an object instead of a class with only static members.

  ⚠ unicorn(no-static-only-class): Use an object instead of a `class` with only `static` members.
   ╭─[no_static_only_class.tsx:1:1]
 1 │ class C { static "x\uD800y" = 1; }
   · ──────────────────────────────────
   ╰────
  help: Convert to an object instead of a class with only static members.
