---
source: crates/oxc_linter/src/tester.rs
---

  ⚠ vitest(valid-title): Should not have leading or trailing spaces
   ╭─[valid_title.tsx:1:6]
 1 │ test("\uD800 ", () => {});
   ·      ─────────
   ╰────
  help: Remove the leading or trailing spaces

  ⚠ vitest(valid-title): Should not have leading or trailing spaces
   ╭─[valid_title.tsx:1:6]
 1 │ test(" \uDC00", () => {});
   ·      ─────────
   ╰────
  help: Remove the leading or trailing spaces

  ⚠ vitest(valid-title): Should not have duplicate prefix
   ╭─[valid_title.tsx:1:6]
 1 │ test("test \uD800", () => {});
   ·      ─────────────
   ╰────
  help: The function name already has the prefix, try to remove the duplicate prefix

  ⚠ vitest(valid-title): Should not have duplicate prefix
   ╭─[valid_title.tsx:1:4]
 1 │ it(`it \uDC00`, () => {});
   ·    ───────────
   ╰────
  help: The function name already has the prefix, try to remove the duplicate prefix
